Archive member included because of file (symbol)

c:/siliconlabs/simplicitystudio/v4/developer/toolchains/gnu_arm/4.9_2015q3/bin/../lib/gcc/arm-none-eabi/4.9.3/armv7-m\libgcc.a(_aeabi_uldivmod.o)
                              ./emlib/em_usart.o (__aeabi_uldivmod)
c:/siliconlabs/simplicitystudio/v4/developer/toolchains/gnu_arm/4.9_2015q3/bin/../lib/gcc/arm-none-eabi/4.9.3/armv7-m\libgcc.a(bpabi.o)
                              c:/siliconlabs/simplicitystudio/v4/developer/toolchains/gnu_arm/4.9_2015q3/bin/../lib/gcc/arm-none-eabi/4.9.3/armv7-m\libgcc.a(_aeabi_uldivmod.o) (__gnu_uldivmod_helper)
c:/siliconlabs/simplicitystudio/v4/developer/toolchains/gnu_arm/4.9_2015q3/bin/../lib/gcc/arm-none-eabi/4.9.3/armv7-m\libgcc.a(_dvmd_tls.o)
                              c:/siliconlabs/simplicitystudio/v4/developer/toolchains/gnu_arm/4.9_2015q3/bin/../lib/gcc/arm-none-eabi/4.9.3/armv7-m\libgcc.a(_aeabi_uldivmod.o) (__aeabi_ldiv0)
c:/siliconlabs/simplicitystudio/v4/developer/toolchains/gnu_arm/4.9_2015q3/bin/../lib/gcc/arm-none-eabi/4.9.3/armv7-m\libgcc.a(_divdi3.o)
                              c:/siliconlabs/simplicitystudio/v4/developer/toolchains/gnu_arm/4.9_2015q3/bin/../lib/gcc/arm-none-eabi/4.9.3/armv7-m\libgcc.a(bpabi.o) (__divdi3)
c:/siliconlabs/simplicitystudio/v4/developer/toolchains/gnu_arm/4.9_2015q3/bin/../lib/gcc/arm-none-eabi/4.9.3/armv7-m\libgcc.a(_udivdi3.o)
                              c:/siliconlabs/simplicitystudio/v4/developer/toolchains/gnu_arm/4.9_2015q3/bin/../lib/gcc/arm-none-eabi/4.9.3/armv7-m\libgcc.a(bpabi.o) (__udivdi3)
c:/siliconlabs/simplicitystudio/v4/developer/toolchains/gnu_arm/4.9_2015q3/bin/../lib/gcc/arm-none-eabi/4.9.3/../../../../arm-none-eabi/lib/armv7-m\libc_nano.a(lib_a-exit.o)
                              c:/siliconlabs/simplicitystudio/v4/developer/toolchains/gnu_arm/4.9_2015q3/bin/../lib/gcc/arm-none-eabi/4.9.3/../../../../arm-none-eabi/lib/armv7-m/crt0.o (exit)
c:/siliconlabs/simplicitystudio/v4/developer/toolchains/gnu_arm/4.9_2015q3/bin/../lib/gcc/arm-none-eabi/4.9.3/../../../../arm-none-eabi/lib/armv7-m\libc_nano.a(lib_a-impure.o)
                              c:/siliconlabs/simplicitystudio/v4/developer/toolchains/gnu_arm/4.9_2015q3/bin/../lib/gcc/arm-none-eabi/4.9.3/../../../../arm-none-eabi/lib/armv7-m\libc_nano.a(lib_a-exit.o) (_global_impure_ptr)
c:/siliconlabs/simplicitystudio/v4/developer/toolchains/gnu_arm/4.9_2015q3/bin/../lib/gcc/arm-none-eabi/4.9.3/../../../../arm-none-eabi/lib/armv7-m\libc_nano.a(lib_a-init.o)
                              c:/siliconlabs/simplicitystudio/v4/developer/toolchains/gnu_arm/4.9_2015q3/bin/../lib/gcc/arm-none-eabi/4.9.3/../../../../arm-none-eabi/lib/armv7-m/crt0.o (__libc_init_array)
c:/siliconlabs/simplicitystudio/v4/developer/toolchains/gnu_arm/4.9_2015q3/bin/../lib/gcc/arm-none-eabi/4.9.3/../../../../arm-none-eabi/lib/armv7-m\libc_nano.a(lib_a-memcpy.o)
                              ./BSP/bsp_stk.o (memcpy)
c:/siliconlabs/simplicitystudio/v4/developer/toolchains/gnu_arm/4.9_2015q3/bin/../lib/gcc/arm-none-eabi/4.9.3/../../../../arm-none-eabi/lib/armv7-m\libc_nano.a(lib_a-memset.o)
                              c:/siliconlabs/simplicitystudio/v4/developer/toolchains/gnu_arm/4.9_2015q3/bin/../lib/gcc/arm-none-eabi/4.9.3/../../../../arm-none-eabi/lib/armv7-m/crt0.o (memset)
c:/siliconlabs/simplicitystudio/v4/developer/toolchains/gnu_arm/4.9_2015q3/bin/../lib/gcc/arm-none-eabi/4.9.3/../../../../arm-none-eabi/lib/armv7-m\libnosys.a(_exit.o)
                              c:/siliconlabs/simplicitystudio/v4/developer/toolchains/gnu_arm/4.9_2015q3/bin/../lib/gcc/arm-none-eabi/4.9.3/../../../../arm-none-eabi/lib/armv7-m\libc_nano.a(lib_a-exit.o) (_exit)

Allocating common symbols
Common symbol       size              file

glbl                0x4               ./src/CMU.o
read_pntr           0x4               ./src/CMU.o
SystemCoreClock     0x4               ./CMSIS/EFM32LG/system_efm32lg.o
adc_complete        0x4               ./src/CMU.o
glbl_write          0x4               ./src/CMU.o
circular_buffer     0x64              ./src/CMU.o
write_pntr          0x4               ./src/CMU.o
EnergyMode          0x10              ./src/sleep.o

Discarded input sections

 .text          0x00000000        0x0 c:/siliconlabs/simplicitystudio/v4/developer/toolchains/gnu_arm/4.9_2015q3/bin/../lib/gcc/arm-none-eabi/4.9.3/armv7-m/crti.o
 .data          0x00000000        0x0 c:/siliconlabs/simplicitystudio/v4/developer/toolchains/gnu_arm/4.9_2015q3/bin/../lib/gcc/arm-none-eabi/4.9.3/armv7-m/crti.o
 .bss           0x00000000        0x0 c:/siliconlabs/simplicitystudio/v4/developer/toolchains/gnu_arm/4.9_2015q3/bin/../lib/gcc/arm-none-eabi/4.9.3/armv7-m/crti.o
 .data          0x00000000        0x4 c:/siliconlabs/simplicitystudio/v4/developer/toolchains/gnu_arm/4.9_2015q3/bin/../lib/gcc/arm-none-eabi/4.9.3/armv7-m/crtbegin.o
[...]
Memory Configuration

Name             Origin             Length             Attributes
FLASH            0x00000000         0x00040000         xr
RAM              0x20000000         0x00008000         xrw
*default*        0x00000000         0xffffffff

Linker script and memory map

LOAD c:/siliconlabs/simplicitystudio/v4/developer/toolchains/gnu_arm/4.9_2015q3/bin/../lib/gcc/arm-none-eabi/4.9.3/armv7-m/crti.o
LOAD c:/siliconlabs/simplicitystudio/v4/developer/toolchains/gnu_arm/4.9_2015q3/bin/../lib/gcc/arm-none-eabi/4.9.3/armv7-m/crtbegin.o
LOAD c:/siliconlabs/simplicitystudio/v4/developer/toolchains/gnu_arm/4.9_2015q3/bin/../lib/gcc/arm-none-eabi/4.9.3/../../../../arm-none-eabi/lib/armv7-m/crt0.o
LOAD ./BSP/bsp_bcc.o
LOAD ./BSP/bsp_stk.o
LOAD ./BSP/bsp_stk_leds.o
LOAD ./BSP/bsp_trace.o
LOAD ./CMSIS/EFM32LG/startup_gcc_efm32lg.o
LOAD ./CMSIS/EFM32LG/system_efm32lg.o
LOAD ./emlib/em_acmp.o
LOAD ./emlib/em_adc.o
LOAD ./emlib/em_aes.o
LOAD ./emlib/em_assert.o
LOAD ./emlib/em_burtc.o
LOAD ./emlib/em_cmu.o
LOAD ./emlib/em_cryotimer.o
LOAD ./emlib/em_crypto.o
LOAD ./emlib/em_dac.o
LOAD ./emlib/em_dbg.o
LOAD ./emlib/em_dma.o
LOAD ./emlib/em_ebi.o
LOAD ./emlib/em_emu.o
LOAD ./emlib/em_gpcrc.o
LOAD ./emlib/em_gpio.o
LOAD ./emlib/em_i2c.o
LOAD ./emlib/em_idac.o
LOAD ./emlib/em_int.o
LOAD ./emlib/em_lcd.o
LOAD ./emlib/em_ldma.o
LOAD ./emlib/em_lesense.o
LOAD ./emlib/em_letimer.o
LOAD ./emlib/em_leuart.o
LOAD ./emlib/em_mpu.o
LOAD ./emlib/em_msc.o
LOAD ./emlib/em_opamp.o
LOAD ./emlib/em_pcnt.o
LOAD ./emlib/em_prs.o
LOAD ./emlib/em_rmu.o
LOAD ./emlib/em_rtc.o
LOAD ./emlib/em_rtcc.o
LOAD ./emlib/em_system.o
LOAD ./emlib/em_timer.o
LOAD ./emlib/em_usart.o
LOAD ./emlib/em_vcmp.o
LOAD ./emlib/em_wdog.o
LOAD ./src/CMU.o
LOAD ./src/gpio_setup.o
LOAD ./src/main.o
LOAD ./src/sleep.o
START GROUP
LOAD c:/siliconlabs/simplicitystudio/v4/developer/toolchains/gnu_arm/4.9_2015q3/bin/../lib/gcc/arm-none-eabi/4.9.3/armv7-m\libgcc.a
LOAD c:/siliconlabs/simplicitystudio/v4/developer/toolchains/gnu_arm/4.9_2015q3/bin/../lib/gcc/arm-none-eabi/4.9.3/../../../../arm-none-eabi/lib/armv7-m\libc_nano.a
LOAD c:/siliconlabs/simplicitystudio/v4/developer/toolchains/gnu_arm/4.9_2015q3/bin/../lib/gcc/arm-none-eabi/4.9.3/../../../../arm-none-eabi/lib/armv7-m\libnosys.a
END GROUP
START GROUP
LOAD c:/siliconlabs/simplicitystudio/v4/developer/toolchains/gnu_arm/4.9_2015q3/bin/../lib/gcc/arm-none-eabi/4.9.3/armv7-m\libgcc.a
LOAD c:/siliconlabs/simplicitystudio/v4/developer/toolchains/gnu_arm/4.9_2015q3/bin/../lib/gcc/arm-none-eabi/4.9.3/../../../../arm-none-eabi/lib/armv7-m\libg_nano.a
LOAD c:/siliconlabs/simplicitystudio/v4/developer/toolchains/gnu_arm/4.9_2015q3/bin/../lib/gcc/arm-none-eabi/4.9.3/../../../../arm-none-eabi/lib/armv7-m\libc_nano.a
END GROUP
START GROUP
LOAD c:/siliconlabs/simplicitystudio/v4/developer/toolchains/gnu_arm/4.9_2015q3/bin/../lib/gcc/arm-none-eabi/4.9.3/armv7-m\libgcc.a
LOAD c:/siliconlabs/simplicitystudio/v4/developer/toolchains/gnu_arm/4.9_2015q3/bin/../lib/gcc/arm-none-eabi/4.9.3/../../../../arm-none-eabi/lib/armv7-m\libc_nano.a
END GROUP
LOAD c:/siliconlabs/simplicitystudio/v4/developer/toolchains/gnu_arm/4.9_2015q3/bin/../lib/gcc/arm-none-eabi/4.9.3/armv7-m/crtend.o
LOAD c:/siliconlabs/simplicitystudio/v4/developer/toolchains/gnu_arm/4.9_2015q3/bin/../lib/gcc/arm-none-eabi/4.9.3/armv7-m/crtn.o

.text           0x00000000     0x1b3c
 *(.vectors)
 .vectors       0x00000000       0xe0 ./CMSIS/EFM32LG/startup_gcc_efm32lg.o
                0x00000000                __Vectors
                0x000000e0                __Vectors_End = .
                0x000000e0                __Vectors_Size = (__Vectors_End - __Vectors)
                0x000000e0                __end__ = .
 *(.text*)
 .text          0x000000e0       0x5c c:/siliconlabs/simplicitystudio/v4/developer/toolchains/gnu_arm/4.9_2015q3/bin/../lib/gcc/arm-none-eabi/4.9.3/armv7-m/crtbegin.o
 .text          0x0000013c       0x74 c:/siliconlabs/simplicitystudio/v4/developer/toolchains/gnu_arm/4.9_2015q3/bin/../lib/gcc/arm-none-eabi/4.9.3/../../../../arm-none-eabi/lib/armv7-m/crt0.o
                0x0000013c                _start
                0x0000013c                _mainCRTStartup
 .text          0x000001b0       0x30 ./CMSIS/EFM32LG/startup_gcc_efm32lg.o
                0x000001b0                Reset_Handler
                0x000001dc                DebugMon_Handler
                0x000001dc                USART0_TX_IRQHandler
                0x000001dc                I2C0_IRQHandler
                0x000001dc                HardFault_Handler
                0x000001dc                LEUART1_IRQHandler
                0x000001dc                SysTick_Handler
                0x000001dc                USART1_RX_IRQHandler
                0x000001dc                PendSV_Handler
                0x000001dc                NMI_Handler
                0x000001dc                I2C1_IRQHandler
                0x000001dc                TIMER3_IRQHandler
                0x000001dc                USART1_TX_IRQHandler
                0x000001dc                MSC_IRQHandler
                0x000001dc                ADC0_IRQHandler
                0x000001dc                UsageFault_Handler
                0x000001dc                LEUART0_IRQHandler
                0x000001dc                GPIO_EVEN_IRQHandler
                0x000001dc                UART0_TX_IRQHandler
                0x000001dc                UART1_TX_IRQHandler
                0x000001dc                RTC_IRQHandler
                0x000001dc                TIMER0_IRQHandler
                0x000001dc                TIMER2_IRQHandler
                0x000001dc                LCD_IRQHandler
                0x000001dc                PCNT2_IRQHandler
                0x000001dc                UART0_RX_IRQHandler
                0x000001dc                LETIMER0_IRQHandler
                0x000001dc                TIMER1_IRQHandler
                0x000001dc                USART2_RX_IRQHandler
                0x000001dc                Default_Handler
                0x000001dc                EMU_IRQHandler
                0x000001dc                PCNT0_IRQHandler
                0x000001dc                USB_IRQHandler
                0x000001dc                BURTC_IRQHandler
                0x000001dc                PCNT1_IRQHandler
                0x000001dc                ACMP0_IRQHandler
                0x000001dc                USART0_RX_IRQHandler
                0x000001dc                MemManage_Handler
                0x000001dc                SVC_Handler
                0x000001dc                DAC0_IRQHandler
                0x000001dc                UART1_RX_IRQHandler
                0x000001dc                CMU_IRQHandler
                0x000001dc                EBI_IRQHandler
                0x000001dc                LESENSE_IRQHandler
                0x000001dc                GPIO_ODD_IRQHandler
                0x000001dc                AES_IRQHandler
                0x000001dc                VCMP_IRQHandler
                0x000001dc                BusFault_Handler
                0x000001dc                USART2_TX_IRQHandler
 .text.GetProdRev
                0x000001e0       0x1c ./CMSIS/EFM32LG/system_efm32lg.o
 .text.SystemCoreClockGet
                0x000001fc       0x34 ./CMSIS/EFM32LG/system_efm32lg.o
                0x000001fc                SystemCoreClockGet
 .text.SystemMaxCoreClockGet
                0x00000230       0x14 ./CMSIS/EFM32LG/system_efm32lg.o
                0x00000230                SystemMaxCoreClockGet
 .text.SystemHFClockGet
                0x00000244      0x100 ./CMSIS/EFM32LG/system_efm32lg.o
                0x00000244                SystemHFClockGet
 .text.SystemHFXOClockGet
                0x00000344       0x18 ./CMSIS/EFM32LG/system_efm32lg.o
                0x00000344                SystemHFXOClockGet
 .text.SystemInit
                0x0000035c        0xc ./CMSIS/EFM32LG/system_efm32lg.o
                0x0000035c                SystemInit
 .text.SystemLFRCOClockGet
                0x00000368       0x14 ./CMSIS/EFM32LG/system_efm32lg.o
                0x00000368                SystemLFRCOClockGet
 .text.SystemULFRCOClockGet
                0x0000037c       0x14 ./CMSIS/EFM32LG/system_efm32lg.o
                0x0000037c                SystemULFRCOClockGet
 .text.SystemLFXOClockGet
                0x00000390       0x18 ./CMSIS/EFM32LG/system_efm32lg.o
                0x00000390                SystemLFXOClockGet
 .text.assertEFM
                0x000003a8        0xc ./emlib/em_assert.o
                0x000003a8                assertEFM
 .text.BUS_RegBitWrite
                0x000003b4       0x2c ./emlib/em_cmu.o
 .text.BUS_RegBitRead
                0x000003e0       0x2c ./emlib/em_cmu.o
 .text.CMU_DivToLog2
                0x0000040c       0x3c ./emlib/em_cmu.o
 .text.SYSTEM_GetProdRev
                0x00000448       0x1c ./emlib/em_cmu.o
 .text.SYSTEM_GetFamily
                0x00000464       0x20 ./emlib/em_cmu.o
 .text.maxFreqHfle
                0x00000484       0x84 ./emlib/em_cmu.o
 .text.setHfLeConfig
                0x00000508       0x3c ./emlib/em_cmu.o
 .text.getHfLeConfig
                0x00000544       0x40 ./emlib/em_cmu.o
 .text.auxClkGet
                0x00000584       0xc0 ./emlib/em_cmu.o
 .text.dbgClkGet
                0x00000644       0x4c ./emlib/em_cmu.o
 .text.flashWaitStateControl
                0x00000690       0xb8 ./emlib/em_cmu.o
 .text.flashWaitStateMax
                0x00000748       0x14 ./emlib/em_cmu.o
 .text.lfClkGet
                0x0000075c      0x10c ./emlib/em_cmu.o
 .text.syncReg  0x00000868       0x34 ./emlib/em_cmu.o
 .text.usbCClkGet
                0x0000089c       0x4c ./emlib/em_cmu.o
 .text.CMU_ClockDivSet
                0x000008e8      0x2c8 ./emlib/em_cmu.o
                0x000008e8                CMU_ClockDivSet
 .text.CMU_ClockEnable
                0x00000bb0       0xe4 ./emlib/em_cmu.o
                0x00000bb0                CMU_ClockEnable
 .text.CMU_ClockFreqGet
                0x00000c94      0x1e4 ./emlib/em_cmu.o
                0x00000c94                CMU_ClockFreqGet
 .text.CMU_ClockSelectGet
                0x00000e78      0x168 ./emlib/em_cmu.o
                0x00000e78                CMU_ClockSelectGet
 .text.CMU_ClockSelectSet
                0x00000fe0      0x2f8 ./emlib/em_cmu.o
                0x00000fe0                CMU_ClockSelectSet
 .text.CMU_OscillatorEnable
                0x000012d8       0xcc ./emlib/em_cmu.o
                0x000012d8                CMU_OscillatorEnable
 .text.DMA_IRQHandler
                0x000013a4       0xec ./emlib/em_dma.o
                0x000013a4                DMA_IRQHandler
 .text.EMU_UpdateOscConfig
                0x00001490       0x1c ./emlib/em_emu.o
                0x00001490                EMU_UpdateOscConfig
 .text.GPIO_PinOutClear
                0x000014ac       0x98 ./emlib/em_gpio.o
 .text.GPIO_PinOutSet
                0x00001544       0x98 ./emlib/em_gpio.o
 .text.GPIO_PinModeSet
                0x000015dc      0x150 ./emlib/em_gpio.o
                0x000015dc                GPIO_PinModeSet
 .text.SYSTEM_ChipRevisionGet
                0x0000172c       0x80 ./emlib/em_system.o
                0x0000172c                SYSTEM_ChipRevisionGet
 .text.SystemCoreClockUpdate
                0x000017ac        0xc ./src/CMU.o
 .text.CMU_setup
                0x000017b8       0xe0 ./src/CMU.o
                0x000017b8                CMU_setup
 .text.gpio_setup
                0x00001898       0x14 ./src/gpio_setup.o
                0x00001898                gpio_setup
 .text.CHIP_Init
                0x000018ac       0x40 ./src/main.o
 .text.main     0x000018ec       0x18 ./src/main.o
                0x000018ec                main
 .text.INT_Disable
                0x00001904       0x2c ./src/sleep.o
 .text.INT_Enable
                0x00001930       0x3c ./src/sleep.o
 .text.BlockSleep
                0x0000196c       0x2c ./src/sleep.o
                0x0000196c                BlockSleep
 .text.exit     0x00001998       0x28 c:/siliconlabs/simplicitystudio/v4/developer/toolchains/gnu_arm/4.9_2015q3/bin/../lib/gcc/arm-none-eabi/4.9.3/../../../../arm-none-eabi/lib/armv7-m\libc_nano.a(lib_a-exit.o)
                0x00001998                exit
 .text.__libc_init_array
                0x000019c0       0x4c c:/siliconlabs/simplicitystudio/v4/developer/toolchains/gnu_arm/4.9_2015q3/bin/../lib/gcc/arm-none-eabi/4.9.3/../../../../arm-none-eabi/lib/armv7-m\libc_nano.a(lib_a-init.o)
                0x000019c0                __libc_init_array
 .text.memset   0x00001a0c       0x10 c:/siliconlabs/simplicitystudio/v4/developer/toolchains/gnu_arm/4.9_2015q3/bin/../lib/gcc/arm-none-eabi/4.9.3/../../../../arm-none-eabi/lib/armv7-m\libc_nano.a(lib_a-memset.o)
                0x00001a0c                memset
 .text._exit    0x00001a1c        0x4 c:/siliconlabs/simplicitystudio/v4/developer/toolchains/gnu_arm/4.9_2015q3/bin/../lib/gcc/arm-none-eabi/4.9.3/../../../../arm-none-eabi/lib/armv7-m\libnosys.a(_exit.o)
                0x00001a1c                _exit
 *(.init)
 .init          0x00001a20        0x4 c:/siliconlabs/simplicitystudio/v4/developer/toolchains/gnu_arm/4.9_2015q3/bin/../lib/gcc/arm-none-eabi/4.9.3/armv7-m/crti.o
                0x00001a20                _init
 .init          0x00001a24        0x8 c:/siliconlabs/simplicitystudio/v4/developer/toolchains/gnu_arm/4.9_2015q3/bin/../lib/gcc/arm-none-eabi/4.9.3/armv7-m/crtn.o
 *(.fini)
 .fini          0x00001a2c        0x4 c:/siliconlabs/simplicitystudio/v4/developer/toolchains/gnu_arm/4.9_2015q3/bin/../lib/gcc/arm-none-eabi/4.9.3/armv7-m/crti.o
                0x00001a2c                _fini
 .fini          0x00001a30        0x8 c:/siliconlabs/simplicitystudio/v4/developer/toolchains/gnu_arm/4.9_2015q3/bin/../lib/gcc/arm-none-eabi/4.9.3/armv7-m/crtn.o
 *crtbegin.o(.ctors)
 *crtbegin?.o(.ctors)
 *(EXCLUDE_FILE(*crtend.o *crtend?.o) .ctors)
 *(SORT(.ctors.*))
 *(.ctors)
 *crtbegin.o(.dtors)
 *crtbegin?.o(.dtors)
 *(EXCLUDE_FILE(*crtend.o *crtend?.o) .dtors)
 *(SORT(.dtors.*))
 *(.dtors)
 *(.rodata*)
 .rodata        0x00001a38       0x66 ./emlib/em_cmu.o
 *fill*         0x00001a9e        0x2 
 .rodata        0x00001aa0       0x12 ./emlib/em_dma.o
 *fill*         0x00001ab2        0x2 
 .rodata        0x00001ab4       0x67 ./emlib/em_gpio.o
 *fill*         0x00001b1b        0x1 
 .rodata        0x00001b1c       0x15 ./emlib/em_system.o
 .rodata.str1.1
                0x00001b31        0x2 c:/siliconlabs/simplicitystudio/v4/developer/toolchains/gnu_arm/4.9_2015q3/bin/../lib/gcc/arm-none-eabi/4.9.3/../../../../arm-none-eabi/lib/armv7-m\libc_nano.a(lib_a-impure.o)
 *fill*         0x00001b33        0x1 
 .rodata._global_impure_ptr
                0x00001b34        0x4 c:/siliconlabs/simplicitystudio/v4/developer/toolchains/gnu_arm/4.9_2015q3/bin/../lib/gcc/arm-none-eabi/4.9.3/../../../../arm-none-eabi/lib/armv7-m\libc_nano.a(lib_a-impure.o)
                0x00001b34                _global_impure_ptr
 *(.eh_frame*)
 .eh_frame      0x00001b38        0x0 c:/siliconlabs/simplicitystudio/v4/developer/toolchains/gnu_arm/4.9_2015q3/bin/../lib/gcc/arm-none-eabi/4.9.3/armv7-m/crtbegin.o
 .eh_frame      0x00001b38        0x4 c:/siliconlabs/simplicitystudio/v4/developer/toolchains/gnu_arm/4.9_2015q3/bin/../lib/gcc/arm-none-eabi/4.9.3/armv7-m/crtend.o

.glue_7         0x00001b3c        0x0
 .glue_7        0x00000000        0x0 linker stubs

.glue_7t        0x00001b3c        0x0
 .glue_7t       0x00000000        0x0 linker stubs

.vfp11_veneer   0x00001b3c        0x0
 .vfp11_veneer  0x00000000        0x0 linker stubs

.v4_bx          0x00001b3c        0x0
 .v4_bx         0x00000000        0x0 linker stubs

.iplt           0x00001b3c        0x0
 .iplt          0x00000000        0x0 c:/siliconlabs/simplicitystudio/v4/developer/toolchains/gnu_arm/4.9_2015q3/bin/../lib/gcc/arm-none-eabi/4.9.3/armv7-m/crtbegin.o

.ARM.extab
 *(.ARM.extab* .gnu.linkonce.armextab.*)
                0x00001b3c                __exidx_start = .

.ARM.exidx      0x00001b3c        0x8
 *(.ARM.exidx* .gnu.linkonce.armexidx.*)
 .ARM.exidx     0x00001b3c        0x8 c:/siliconlabs/simplicitystudio/v4/developer/toolchains/gnu_arm/4.9_2015q3/bin/../lib/gcc/arm-none-eabi/4.9.3/../../../../arm-none-eabi/lib/armv7-m/crt0.o
                0x00001b44                __exidx_end = .
                0x00001b44                __etext = .

.rel.dyn        0x00001b44        0x0
 .rel.iplt      0x00000000        0x0 c:/siliconlabs/simplicitystudio/v4/developer/toolchains/gnu_arm/4.9_2015q3/bin/../lib/gcc/arm-none-eabi/4.9.3/armv7-m/crtbegin.o

.data           0x20000000       0x74 load address 0x00001b44
                0x20000000                __data_start__ = .
 *(vtable)
 *(.data*)
 .data.SystemHFXOClock
                0x20000000        0x4 ./CMSIS/EFM32LG/system_efm32lg.o
 .data.SystemLFXOClock
                0x20000004        0x4 ./CMSIS/EFM32LG/system_efm32lg.o
 .data.impure_data
                0x20000008       0x60 c:/siliconlabs/simplicitystudio/v4/developer/toolchains/gnu_arm/4.9_2015q3/bin/../lib/gcc/arm-none-eabi/4.9.3/../../../../arm-none-eabi/lib/armv7-m\libc_nano.a(lib_a-impure.o)
                0x20000068                . = ALIGN (0x4)
 *(.ram)
                0x20000068                . = ALIGN (0x4)
                0x20000068                PROVIDE (__preinit_array_start, .)
 *(.preinit_array)
                0x20000068                PROVIDE (__preinit_array_end, .)
                0x20000068                . = ALIGN (0x4)
                0x20000068                PROVIDE (__init_array_start, .)
 *(SORT(.init_array.*))
 *(.init_array)
 .init_array    0x20000068        0x4 c:/siliconlabs/simplicitystudio/v4/developer/toolchains/gnu_arm/4.9_2015q3/bin/../lib/gcc/arm-none-eabi/4.9.3/armv7-m/crtbegin.o
                0x2000006c                PROVIDE (__init_array_end, .)
                0x2000006c                . = ALIGN (0x4)
                0x2000006c                PROVIDE (__fini_array_start, .)
 *(SORT(.fini_array.*))
 *(.fini_array)
 .fini_array    0x2000006c        0x4 c:/siliconlabs/simplicitystudio/v4/developer/toolchains/gnu_arm/4.9_2015q3/bin/../lib/gcc/arm-none-eabi/4.9.3/armv7-m/crtbegin.o
                0x20000070                PROVIDE (__fini_array_end, .)
 *(.jcr*)
 .jcr           0x20000070        0x0 c:/siliconlabs/simplicitystudio/v4/developer/toolchains/gnu_arm/4.9_2015q3/bin/../lib/gcc/arm-none-eabi/4.9.3/armv7-m/crtbegin.o
 .jcr           0x20000070        0x4 c:/siliconlabs/simplicitystudio/v4/developer/toolchains/gnu_arm/4.9_2015q3/bin/../lib/gcc/arm-none-eabi/4.9.3/armv7-m/crtend.o
                0x20000074                . = ALIGN (0x4)
                0x20000074                __data_end__ = .

.igot.plt       0x20000074        0x0 load address 0x00001bb8
 .igot.plt      0x00000000        0x0 c:/siliconlabs/simplicitystudio/v4/developer/toolchains/gnu_arm/4.9_2015q3/bin/../lib/gcc/arm-none-eabi/4.9.3/armv7-m/crtbegin.o

.bss            0x20000074       0x38 load address 0x00001bb8
                0x20000074                . = ALIGN (0x4)
                0x20000074                __bss_start__ = .
 *(.bss*)
 .bss           0x20000074       0x1c c:/siliconlabs/simplicitystudio/v4/developer/toolchains/gnu_arm/4.9_2015q3/bin/../lib/gcc/arm-none-eabi/4.9.3/armv7-m/crtbegin.o
 .bss.cmuStatus
                0x20000090        0x4 ./emlib/em_emu.o
 .bss.INT_LockCnt
                0x20000094        0x4 ./emlib/em_int.o
                0x20000094                INT_LockCnt
 *(COMMON)
 COMMON         0x20000098        0x4 ./CMSIS/EFM32LG/system_efm32lg.o
                0x20000098                SystemCoreClock
 COMMON         0x2000009c       0x10 ./src/sleep.o
                0x2000009c                EnergyMode
                0x200000ac                . = ALIGN (0x4)
                0x200000ac                __bss_end__ = .

.heap           0x200000b0      0xc00
                0x200000b0                __HeapBase = .
                0x200000b0                __end__ = .
                0x200000b0                end = __end__
                0x200000b0                _end = __end__
 *(.heap*)
 .heap          0x200000b0      0xc00 ./CMSIS/EFM32LG/startup_gcc_efm32lg.o
                0x20000cb0                __HeapLimit = .

.stack_dummy    0x200000b0      0x400
 *(.stack*)
 .stack         0x200000b0      0x400 ./CMSIS/EFM32LG/startup_gcc_efm32lg.o
                0x20008000                __StackTop = (ORIGIN (RAM) + 0x8000)
                0x20007c00                __StackLimit = (__StackTop - SIZEOF (.stack_dummy))
                0x20008000                PROVIDE (__stack, __StackTop)
                0x00000001                ASSERT ((__StackLimit >= __HeapLimit), region RAM overflowed with stack)
                0x00000001                ASSERT ((0x40000 >= (__etext + SIZEOF (.data))), FLASH memory overflowed !)
OUTPUT(SoleRunner.axf elf32-littlearm)

.ARM.attributes
                0x00000000       0x29
 .ARM.attributes
                0x00000000       0x1d c:/siliconlabs/simplicitystudio/v4/developer/toolchains/gnu_arm/4.9_2015q3/bin/../lib/gcc/arm-none-eabi/4.9.3/armv7-m/crti.o
 .ARM.attributes
                0x0000001d       0x2d c:/siliconlabs/simplicitystudio/v4/developer/toolchains/gnu_arm/4.9_2015q3/bin/../lib/gcc/arm-none-eabi/4.9.3/armv7-m/crtbegin.o
 .ARM.attributes
                0x0000004a       0x1b c:/siliconlabs/simplicitystudio/v4/developer/toolchains/gnu_arm/4.9_2015q3/bin/../lib/gcc/arm-none-eabi/4.9.3/../../../../arm-none-eabi/lib/armv7-m/crt0.o
 .ARM.attributes
                0x00000065       0x1b ./CMSIS/EFM32LG/startup_gcc_efm32lg.o
 .ARM.attributes
                0x00000080       0x33 ./CMSIS/EFM32LG/system_efm32lg.o
 .ARM.attributes
                0x000000b3       0x33 ./emlib/em_assert.o
 .ARM.attributes
                0x000000e6       0x33 ./emlib/em_cmu.o
 .ARM.attributes
                0x00000119       0x33 ./emlib/em_dma.o
 .ARM.attributes
                0x0000014c       0x33 ./emlib/em_emu.o
 .ARM.attributes
                0x0000017f       0x33 ./emlib/em_gpio.o
 .ARM.attributes
                0x000001b2       0x33 ./emlib/em_int.o
 .ARM.attributes
                0x000001e5       0x33 ./emlib/em_system.o
 .ARM.attributes
                0x00000218       0x33 ./src/CMU.o
 .ARM.attributes
                0x0000024b       0x33 ./src/gpio_setup.o
 .ARM.attributes
                0x0000027e       0x33 ./src/main.o
 .ARM.attributes
                0x000002b1       0x33 ./src/sleep.o
 .ARM.attributes
                0x000002e4       0x2d c:/siliconlabs/simplicitystudio/v4/developer/toolchains/gnu_arm/4.9_2015q3/bin/../lib/gcc/arm-none-eabi/4.9.3/../../../../arm-none-eabi/lib/armv7-m\libc_nano.a(lib_a-exit.o)
 .ARM.attributes
                0x00000311       0x2d c:/siliconlabs/simplicitystudio/v4/developer/toolchains/gnu_arm/4.9_2015q3/bin/../lib/gcc/arm-none-eabi/4.9.3/../../../../arm-none-eabi/lib/armv7-m\libc_nano.a(lib_a-impure.o)
 .ARM.attributes
                0x0000033e       0x2d c:/siliconlabs/simplicitystudio/v4/developer/toolchains/gnu_arm/4.9_2015q3/bin/../lib/gcc/arm-none-eabi/4.9.3/../../../../arm-none-eabi/lib/armv7-m\libc_nano.a(lib_a-init.o)
 .ARM.attributes
                0x0000036b       0x2d c:/siliconlabs/simplicitystudio/v4/developer/toolchains/gnu_arm/4.9_2015q3/bin/../lib/gcc/arm-none-eabi/4.9.3/../../../../arm-none-eabi/lib/armv7-m\libc_nano.a(lib_a-memset.o)
 .ARM.attributes
                0x00000398       0x2d c:/siliconlabs/simplicitystudio/v4/developer/toolchains/gnu_arm/4.9_2015q3/bin/../lib/gcc/arm-none-eabi/4.9.3/../../../../arm-none-eabi/lib/armv7-m\libnosys.a(_exit.o)
 .ARM.attributes
                0x000003c5       0x2d c:/siliconlabs/simplicitystudio/v4/developer/toolchains/gnu_arm/4.9_2015q3/bin/../lib/gcc/arm-none-eabi/4.9.3/armv7-m/crtend.o
 .ARM.attributes
                0x000003f2       0x1d c:/siliconlabs/simplicitystudio/v4/developer/toolchains/gnu_arm/4.9_2015q3/bin/../lib/gcc/arm-none-eabi/4.9.3/armv7-m/crtn.o

.comment        0x00000000       0x70
 .comment       0x00000000       0x70 ./CMSIS/EFM32LG/system_efm32lg.o
                                 0x71 (size before relaxing)
 .comment       0x00000000       0x71 ./emlib/em_assert.o
 .comment       0x00000000       0x71 ./emlib/em_cmu.o
 .comment       0x00000000       0x71 ./emlib/em_dma.o
 .comment       0x00000000       0x71 ./emlib/em_emu.o
 .comment       0x00000000       0x71 ./emlib/em_gpio.o
 .comment       0x00000000       0x71 ./emlib/em_int.o
 .comment       0x00000000       0x71 ./emlib/em_system.o
 .comment       0x00000000       0x71 ./src/CMU.o
 .comment       0x00000000       0x71 ./src/gpio_setup.o
 .comment       0x00000000       0x71 ./src/main.o
 .comment       0x00000000       0x71 ./src/sleep.o

.debug_line     0x00000000     0x2c2b
 .debug_line    0x00000000       0x72 ./CMSIS/EFM32LG/startup_gcc_efm32lg.o
 .debug_line    0x00000072      0x306 ./CMSIS/EFM32LG/system_efm32lg.o
 .debug_line    0x00000378       0x49 ./emlib/em_assert.o
 .debug_line    0x000003c1      0xa54 ./emlib/em_cmu.o
 .debug_line    0x00000e15      0x634 ./emlib/em_dma.o
 .debug_line    0x00001449      0x535 ./emlib/em_emu.o
 .debug_line    0x0000197e      0x519 ./emlib/em_gpio.o
 .debug_line    0x00001e97      0x17c ./emlib/em_int.o
 .debug_line    0x00002013      0x2aa ./emlib/em_system.o
 .debug_line    0x000022bd      0x299 ./src/CMU.o
 .debug_line    0x00002556      0x204 ./src/gpio_setup.o
 .debug_line    0x0000275a      0x23a ./src/main.o
 .debug_line    0x00002994      0x297 ./src/sleep.o

.debug_info     0x00000000     0x5005
 .debug_info    0x00000000       0xa0 ./CMSIS/EFM32LG/startup_gcc_efm32lg.o
 .debug_info    0x000000a0      0x582 ./CMSIS/EFM32LG/system_efm32lg.o
 .debug_info    0x00000622       0x7a ./emlib/em_assert.o
 .debug_info    0x0000069c     0x13bc ./emlib/em_cmu.o
 .debug_info    0x00001a58     0x12e9 ./emlib/em_dma.o
 .debug_info    0x00002d41      0xdac ./emlib/em_emu.o
 .debug_info    0x00003aed      0x65e ./emlib/em_gpio.o
 .debug_info    0x0000414b       0xbc ./emlib/em_int.o
 .debug_info    0x00004207      0x266 ./emlib/em_system.o
 .debug_info    0x0000446d      0x319 ./src/CMU.o
 .debug_info    0x00004786      0x1f9 ./src/gpio_setup.o
 .debug_info    0x0000497f      0x22b ./src/main.o
 .debug_info    0x00004baa      0x45b ./src/sleep.o

.debug_abbrev   0x00000000     0x109b
 .debug_abbrev  0x00000000       0x14 ./CMSIS/EFM32LG/startup_gcc_efm32lg.o
 .debug_abbrev  0x00000014      0x16d ./CMSIS/EFM32LG/system_efm32lg.o
 .debug_abbrev  0x00000181       0x65 ./emlib/em_assert.o
 .debug_abbrev  0x000001e6      0x2f8 ./emlib/em_cmu.o
 .debug_abbrev  0x000004de      0x221 ./emlib/em_dma.o
 .debug_abbrev  0x000006ff      0x254 ./emlib/em_emu.o
 .debug_abbrev  0x00000953      0x1cd ./emlib/em_gpio.o
 .debug_abbrev  0x00000b20       0x5c ./emlib/em_int.o
 .debug_abbrev  0x00000b7c       0xef ./emlib/em_system.o
 .debug_abbrev  0x00000c6b       0xd4 ./src/CMU.o
 .debug_abbrev  0x00000d3f       0xbe ./src/gpio_setup.o
 .debug_abbrev  0x00000dfd      0x11c ./src/main.o
 .debug_abbrev  0x00000f19      0x182 ./src/sleep.o

.debug_aranges  0x00000000      0x4e8
 .debug_aranges
                0x00000000       0x20 ./CMSIS/EFM32LG/startup_gcc_efm32lg.o
 .debug_aranges
                0x00000020       0x70 ./CMSIS/EFM32LG/system_efm32lg.o
 .debug_aranges
                0x00000090       0x20 ./emlib/em_assert.o
 .debug_aranges
                0x000000b0      0x168 ./emlib/em_cmu.o
 .debug_aranges
                0x00000218       0xc0 ./emlib/em_dma.o
 .debug_aranges
                0x000002d8       0xa8 ./emlib/em_emu.o
 .debug_aranges
                0x00000380       0x70 ./emlib/em_gpio.o
 .debug_aranges
                0x000003f0       0x18 ./emlib/em_int.o
 .debug_aranges
                0x00000408       0x28 ./emlib/em_system.o
 .debug_aranges
                0x00000430       0x28 ./src/CMU.o
 .debug_aranges
                0x00000458       0x20 ./src/gpio_setup.o
 .debug_aranges
                0x00000478       0x28 ./src/main.o
 .debug_aranges
                0x000004a0       0x48 ./src/sleep.o

.debug_loc      0x00000000     0x237c
 .debug_loc     0x00000000      0x31c ./CMSIS/EFM32LG/system_efm32lg.o
 .debug_loc     0x0000031c       0x38 ./emlib/em_assert.o
 .debug_loc     0x00000354      0xcf0 ./emlib/em_cmu.o
 .debug_loc     0x00001044      0x6cc ./emlib/em_dma.o
 .debug_loc     0x00001710      0x588 ./emlib/em_emu.o
 .debug_loc     0x00001c98      0x394 ./emlib/em_gpio.o
 .debug_loc     0x0000202c       0xa0 ./emlib/em_system.o
 .debug_loc     0x000020cc       0x58 ./src/CMU.o
 .debug_loc     0x00002124       0x2c ./src/gpio_setup.o
 .debug_loc     0x00002150       0x7c ./src/main.o
 .debug_loc     0x000021cc      0x1b0 ./src/sleep.o

.debug_ranges   0x00000000      0x400
 .debug_ranges  0x00000000       0x60 ./CMSIS/EFM32LG/system_efm32lg.o
 .debug_ranges  0x00000060       0x10 ./emlib/em_assert.o
 .debug_ranges  0x00000070      0x158 ./emlib/em_cmu.o
 .debug_ranges  0x000001c8       0xb0 ./emlib/em_dma.o
 .debug_ranges  0x00000278       0x98 ./emlib/em_emu.o
 .debug_ranges  0x00000310       0x60 ./emlib/em_gpio.o
 .debug_ranges  0x00000370       0x18 ./emlib/em_system.o
 .debug_ranges  0x00000388       0x18 ./src/CMU.o
 .debug_ranges  0x000003a0       0x10 ./src/gpio_setup.o
 .debug_ranges  0x000003b0       0x18 ./src/main.o
 .debug_ranges  0x000003c8       0x38 ./src/sleep.o

.debug_str      0x00000000     0x2322
 .debug_str     0x00000000      0x432 ./CMSIS/EFM32LG/system_efm32lg.o
                                0x4b9 (size before relaxing)
 .debug_str     0x00000432       0x29 ./emlib/em_assert.o
                                0x150 (size before relaxing)
 .debug_str     0x0000045b      0xc18 ./emlib/em_cmu.o
                                0xfcd (size before relaxing)
 .debug_str     0x00001073      0x892 ./emlib/em_dma.o
                                0xd89 (size before relaxing)
 .debug_str     0x00001905      0x47f ./emlib/em_emu.o
                                0x85d (size before relaxing)
 .debug_str     0x00001d84      0x3bb ./emlib/em_gpio.o
                                0x600 (size before relaxing)
 .debug_str     0x0000213f       0x1e ./emlib/em_int.o
                                0x200 (size before relaxing)
 .debug_str     0x0000215d       0xaa ./emlib/em_system.o
                                0x2dc (size before relaxing)
 .debug_str     0x00002207       0x59 ./src/CMU.o
                                0x565 (size before relaxing)
 .debug_str     0x00002260       0x1f ./src/gpio_setup.o
                                0x3fa (size before relaxing)
 .debug_str     0x0000227f       0x25 ./src/main.o
                                0x2c1 (size before relaxing)
 .debug_str     0x000022a4       0x7e ./src/sleep.o
                                0x33a (size before relaxing)

.debug_frame    0x00000000     0x11ac
 .debug_frame   0x00000000      0x180 ./CMSIS/EFM32LG/system_efm32lg.o
 .debug_frame   0x00000180       0x2c ./emlib/em_assert.o
 .debug_frame   0x000001ac      0x610 ./emlib/em_cmu.o
 .debug_frame   0x000007bc      0x320 ./emlib/em_dma.o
 .debug_frame   0x00000adc      0x294 ./emlib/em_emu.o
 .debug_frame   0x00000d70      0x1b0 ./emlib/em_gpio.o
 .debug_frame   0x00000f20       0x58 ./emlib/em_system.o
 .debug_frame   0x00000f78       0x48 ./src/CMU.o
 .debug_frame   0x00000fc0       0x2c ./src/gpio_setup.o
 .debug_frame   0x00000fec       0x50 ./src/main.o
 .debug_frame   0x0000103c       0xdc ./src/sleep.o
 .debug_frame   0x00001118       0x28 c:/siliconlabs/simplicitystudio/v4/developer/toolchains/gnu_arm/4.9_2015q3/bin/../lib/gcc/arm-none-eabi/4.9.3/../../../../arm-none-eabi/lib/armv7-m\libc_nano.a(lib_a-exit.o)
 .debug_frame   0x00001140       0x2c c:/siliconlabs/simplicitystudio/v4/developer/toolchains/gnu_arm/4.9_2015q3/bin/../lib/gcc/arm-none-eabi/4.9.3/../../../../arm-none-eabi/lib/armv7-m\libc_nano.a(lib_a-init.o)
 .debug_frame   0x0000116c       0x20 c:/siliconlabs/simplicitystudio/v4/developer/toolchains/gnu_arm/4.9_2015q3/bin/../lib/gcc/arm-none-eabi/4.9.3/../../../../arm-none-eabi/lib/armv7-m\libc_nano.a(lib_a-memset.o)
 .debug_frame   0x0000118c       0x20 c:/siliconlabs/simplicitystudio/v4/developer/toolchains/gnu_arm/4.9_2015q3/bin/../lib/gcc/arm-none-eabi/4.9.3/../../../../arm-none-eabi/lib/armv7-m\libnosys.a(_exit.o)
